Stoichiometry of species Al1Cl1F1 incomplete. Neglected!
Stoichiometry of species Al1Cl1F2 incomplete. Neglected!
Stoichiometry of species Al1Cl2F1 incomplete. Neglected!
Stoichiometry of species Al1F1 incomplete. Neglected!
Stoichiometry of species Al1F1O1 incomplete. Neglected!
Stoichiometry of species Al1F2 incomplete. Neglected!
Stoichiometry of species Al1F2O1 incomplete. Neglected!
Stoichiometry of species Al1F3 incomplete. Neglected!
Stoichiometry of species Al1F4Na1 incomplete. Neglected!
Stoichiometry of species Al2F6 incomplete. Neglected!
Stoichiometry of species C1Cl1F1O1 incomplete. Neglected!
Stoichiometry of species C1Cl1F3 incomplete. Neglected!
Stoichiometry of species C1Cl2F2 incomplete. Neglected!
Stoichiometry of species C1Cl3F1 incomplete. Neglected!
Stoichiometry of species C1F1 incomplete. Neglected!
Stoichiometry of species C1F1N1 incomplete. Neglected!
Stoichiometry of species C1F1O1 incomplete. Neglected!
Stoichiometry of species C1F2 incomplete. Neglected!
Stoichiometry of species C1F2O1 incomplete. Neglected!
Stoichiometry of species C1F3 incomplete. Neglected!
Stoichiometry of species C1F4 incomplete. Neglected!
Stoichiometry of species C1F4O1 incomplete. Neglected!
Stoichiometry of species C1F8S1 incomplete. Neglected!
Stoichiometry of species C1H1F1 incomplete. Neglected!
Stoichiometry of species C1H1F1O1 incomplete. Neglected!
Stoichiometry of species C1H1F3 incomplete. Neglected!
Stoichiometry of species C1H2Cl1F1 incomplete. Neglected!
Stoichiometry of species C1H2F2 incomplete. Neglected!
Stoichiometry of species C1H3F1 incomplete. Neglected!
Stoichiometry of species C2F2 incomplete. Neglected!
Stoichiometry of species C2F3N1 incomplete. Neglected!
Stoichiometry of species C2F4 incomplete. Neglected!
Stoichiometry of species C2F6 incomplete. Neglected!
Stoichiometry of species C2H1F1 incomplete. Neglected!
Stoichiometry of species C2V1 incomplete. Neglected!
Stoichiometry of species C4V1 incomplete. Neglected!
Stoichiometry of species Ca1F1 incomplete. Neglected!
Stoichiometry of species Ca1F2 incomplete. Neglected!
Stoichiometry of species Cl1Co1 incomplete. Neglected!
Stoichiometry of species Cl1Cu1 incomplete. Neglected!
Stoichiometry of species Cl1F1 incomplete. Neglected!
Stoichiometry of species Cl1F1Mg1 incomplete. Neglected!
Stoichiometry of species Cl1F1O2S1 incomplete. Neglected!
Stoichiometry of species Cl1F1O3 incomplete. Neglected!
Stoichiometry of species Cl1F2O1P1 incomplete. Neglected!
Stoichiometry of species Cl1F3 incomplete. Neglected!
Stoichiometry of species Cl1F3Si1 incomplete. Neglected!
Stoichiometry of species Cl1F5 incomplete. Neglected!
Stoichiometry of species Cl1F5S1 incomplete. Neglected!
Stoichiometry of species Cl1Ge1 incomplete. Neglected!
Stoichiometry of species C1H1Cl1F2 incomplete. Neglected!
Stoichiometry of species C1H1Cl2F1 incomplete. Neglected!
Stoichiometry of species Cl1Zn1 incomplete. Neglected!
Stoichiometry of species Cl2Co1 incomplete. Neglected!
Stoichiometry of species Cl2F1O1P1 incomplete. Neglected!
Stoichiometry of species Cl3Co1 incomplete. Neglected!
Stoichiometry of species Cl3Cu3 incomplete. Neglected!
Stoichiometry of species Cl3F1Si1 incomplete. Neglected!
Stoichiometry of species Cl4Co2 incomplete. Neglected!
Stoichiometry of species Co1F2 incomplete. Neglected!
Stoichiometry of species Co1H1 incomplete. Neglected!
Stoichiometry of species Cu1F1 incomplete. Neglected!
Stoichiometry of species Cu1F2 incomplete. Neglected!
Stoichiometry of species Cu1H1 incomplete. Neglected!
Stoichiometry of species Cu1O1 incomplete. Neglected!
Stoichiometry of species Cu1S1 incomplete. Neglected!
Stoichiometry of species Cu2 incomplete. Neglected!
Stoichiometry of species F1Fe1 incomplete. Neglected!
Stoichiometry of species F1Ge1 incomplete. Neglected!
Stoichiometry of species F1H1 incomplete. Neglected!
Stoichiometry of species F1H1O1 incomplete. Neglected!
Stoichiometry of species F1H1O3S1 incomplete. Neglected!
Stoichiometry of species F1H3Si1 incomplete. Neglected!
Stoichiometry of species F1K1 incomplete. Neglected!
Stoichiometry of species F1Mg1 incomplete. Neglected!
Stoichiometry of species F1Mn1 incomplete. Neglected!
Stoichiometry of species F1N1 incomplete. Neglected!
Stoichiometry of species F1N1O1 incomplete. Neglected!
Stoichiometry of species F1N1O2 incomplete. Neglected!
Stoichiometry of species F1N1O3 incomplete. Neglected!
Stoichiometry of species F1Na1 incomplete. Neglected!
Stoichiometry of species F1Ni1 incomplete. Neglected!
Stoichiometry of species F1O1 incomplete. Neglected!
Stoichiometry of species F1O1Ti1 incomplete. Neglected!
Stoichiometry of species F1O2_ofo incomplete. Neglected!
Stoichiometry of species F1O2_foo incomplete. Neglected!
Stoichiometry of species F1P1 incomplete. Neglected!
Stoichiometry of species F1P1S1 incomplete. Neglected!
Stoichiometry of species F1S1 incomplete. Neglected!
Stoichiometry of species F1Si1 incomplete. Neglected!
Stoichiometry of species F1Ti1 incomplete. Neglected!
Stoichiometry of species F1Zn1 incomplete. Neglected!
Stoichiometry of species F2 incomplete. Neglected!
Stoichiometry of species F2Fe1 incomplete. Neglected!
Stoichiometry of species F2H2 incomplete. Neglected!
Stoichiometry of species F2H2Si1 incomplete. Neglected!
Stoichiometry of species F2K2 incomplete. Neglected!
Stoichiometry of species F2Mg1 incomplete. Neglected!
Stoichiometry of species F2N1 incomplete. Neglected!
Stoichiometry of species F2N2cis incomplete. Neglected!
Stoichiometry of species F2N2trans incomplete. Neglected!
Stoichiometry of species F2Na2 incomplete. Neglected!
Stoichiometry of species F2O1 incomplete. Neglected!
Stoichiometry of species F2O1S1 incomplete. Neglected!
Stoichiometry of species F2O1Si1 incomplete. Neglected!
Stoichiometry of species F2O1Ti1 incomplete. Neglected!
Stoichiometry of species F2O2 incomplete. Neglected!
Stoichiometry of species F2O2S1 incomplete. Neglected!
Stoichiometry of species F2P1 incomplete. Neglected!
Stoichiometry of species F2S1 incomplete. Neglected!
Stoichiometry of species F2S2_fs2f incomplete. Neglected!
Stoichiometry of species F2S2_ssf2 incomplete. Neglected!
Stoichiometry of species F2Si1 incomplete. Neglected!
Stoichiometry of species F2Ti1 incomplete. Neglected!
Stoichiometry of species F3Fe1 incomplete. Neglected!
Stoichiometry of species F3H1Si1 incomplete. Neglected!
Stoichiometry of species F3H3 incomplete. Neglected!
Stoichiometry of species F3N1 incomplete. Neglected!
Stoichiometry of species F3N1O1 incomplete. Neglected!
Stoichiometry of species F3O1P1 incomplete. Neglected!
Stoichiometry of species F3P1 incomplete. Neglected!
Stoichiometry of species F3P1S1 incomplete. Neglected!
Stoichiometry of species F3S1 incomplete. Neglected!
Stoichiometry of species F3Si1 incomplete. Neglected!
Stoichiometry of species F3Ti1 incomplete. Neglected!
Stoichiometry of species F4H4 incomplete. Neglected!
Stoichiometry of species F4Mg2 incomplete. Neglected!
Stoichiometry of species F4N2 incomplete. Neglected!
Stoichiometry of species F4S1 incomplete. Neglected!
Stoichiometry of species F4Si1 incomplete. Neglected!
Stoichiometry of species F4Ti1 incomplete. Neglected!
Stoichiometry of species F5H5 incomplete. Neglected!
Stoichiometry of species F5P1 incomplete. Neglected!
Stoichiometry of species F5S1 incomplete. Neglected!
Stoichiometry of species F6H6 incomplete. Neglected!
Stoichiometry of species F6S1 incomplete. Neglected!
Stoichiometry of species F7H7 incomplete. Neglected!
Stoichiometry of species F10S2 incomplete. Neglected!
Stoichiometry of species Ge1H1 incomplete. Neglected!
Stoichiometry of species Ge1O1 incomplete. Neglected!
Stoichiometry of species Ge1S1 incomplete. Neglected!
Stoichiometry of species H1Zn1 incomplete. Neglected!
Stoichiometry of species N1V1 incomplete. Neglected!
Stoichiometry of species O1V1 incomplete. Neglected!
Stoichiometry of species O2V1 incomplete. Neglected!
Stoichiometry of species Al1Cl1F1+ incomplete. Neglected!
Stoichiometry of species Al1F1+ incomplete. Neglected!
Stoichiometry of species Al1F2+ incomplete. Neglected!
Stoichiometry of species Al1F2- incomplete. Neglected!
Stoichiometry of species Al1F2O1- incomplete. Neglected!
Stoichiometry of species Al1F4- incomplete. Neglected!
Stoichiometry of species C1F1+ incomplete. Neglected!
Stoichiometry of species C1F2+ incomplete. Neglected!
Stoichiometry of species C1F3+ incomplete. Neglected!
Stoichiometry of species Co1+ incomplete. Neglected!
Stoichiometry of species Co1- incomplete. Neglected!
Stoichiometry of species Cu1+ incomplete. Neglected!
Stoichiometry of species Cu1- incomplete. Neglected!
Stoichiometry of species F1+ incomplete. Neglected!
Stoichiometry of species F1- incomplete. Neglected!
Stoichiometry of species F1Mg1+ incomplete. Neglected!
Stoichiometry of species F1P1+ incomplete. Neglected!
Stoichiometry of species F1P1- incomplete. Neglected!
Stoichiometry of species F1S1+ incomplete. Neglected!
Stoichiometry of species F1S1- incomplete. Neglected!
Stoichiometry of species F2K1- incomplete. Neglected!
Stoichiometry of species F2Mg1+ incomplete. Neglected!
Stoichiometry of species F2Na1- incomplete. Neglected!
Stoichiometry of species F2P1+ incomplete. Neglected!
Stoichiometry of species F2P1- incomplete. Neglected!
Stoichiometry of species F2S1+ incomplete. Neglected!
Stoichiometry of species F2S1- incomplete. Neglected!
Stoichiometry of species F3S1+ incomplete. Neglected!
Stoichiometry of species F3S1- incomplete. Neglected!
Stoichiometry of species F4S1+ incomplete. Neglected!
Stoichiometry of species F4S1- incomplete. Neglected!
Stoichiometry of species F5S1+ incomplete. Neglected!
Stoichiometry of species F5S1- incomplete. Neglected!
Stoichiometry of species F6S1- incomplete. Neglected!
Stoichiometry of species Ge1+ incomplete. Neglected!
Stoichiometry of species Ge1- incomplete. Neglected!
Stoichiometry of species V1+ incomplete. Neglected!
Stoichiometry of species V1- incomplete. Neglected!
Stoichiometry of species Zn1+ incomplete. Neglected!
Stoichiometry of species Zn1- incomplete. Neglected!
Stoichometry of species AlF3(s,l) incomplete. Neglected!
Stoichometry of species K3AlF6(s) incomplete. Neglected!
Stoichometry of species Na3AlF6(s,l) incomplete. Neglected!
Stoichometry of species Na5Al3F14(s,l) incomplete. Neglected!
Stoichometry of species CuCN(s) incomplete. Neglected!
Stoichometry of species CaF2(s,l) incomplete. Neglected!
Stoichometry of species CuCl(s,l) incomplete. Neglected!
Stoichometry of species CoCl2(s,l) incomplete. Neglected!
Stoichometry of species CuCl2(s) incomplete. Neglected!
Stoichometry of species Co(s,l) incomplete. Neglected!
Stoichometry of species CoF2(s,l) incomplete. Neglected!
Stoichometry of species CoF3(s) incomplete. Neglected!
Stoichometry of species CoO(s) incomplete. Neglected!
Stoichometry of species CoSO4(s) incomplete. Neglected!
Stoichometry of species Co3O4(s) incomplete. Neglected!
Stoichometry of species Cu(s,l) incomplete. Neglected!
Stoichometry of species CuF(s) incomplete. Neglected!
Stoichometry of species CuF2(s,l) incomplete. Neglected!
Stoichometry of species Cu(OH)2(s) incomplete. Neglected!
Stoichometry of species CuO(s) incomplete. Neglected!
Stoichometry of species CuSO4(s) incomplete. Neglected!
Stoichometry of species Cu2O(s,l) incomplete. Neglected!
Stoichometry of species KF(s,l) incomplete. Neglected!
Stoichometry of species NaF(s,l) incomplete. Neglected!
Stoichometry of species FeF2(s,l) incomplete. Neglected!
Stoichometry of species K(HF2)(s,l) incomplete. Neglected!
Stoichometry of species MgF2(s,l) incomplete. Neglected!
Stoichometry of species FeF3(s) incomplete. Neglected!
Stoichometry of species TiF3(s) incomplete. Neglected!
Stoichometry of species TiF4(s) incomplete. Neglected!
Stoichometry of species VN(s) incomplete. Neglected!
Stoichometry of species VO(s,l) incomplete. Neglected!
Stoichometry of species V2O3(s,l) incomplete. Neglected!
Stoichometry of species ZnSO4(s) incomplete. Neglected!
Stoichometry of species V2O4(s,l) incomplete. Neglected!
Stoichometry of species V2O5(s,l) incomplete. Neglected!
Stoichometry of species V(s,l) incomplete. Neglected!
Stoichometry of species Zn(s,l) incomplete. Neglected!
Stoichometry of species Ca(VO3)2(s) incomplete. Neglected!
Stoichometry of species Ca2V2O7(s) incomplete. Neglected!
Stoichometry of species Ca3(VO4)2(s) incomplete. Neglected!
Stoichometry of species CaZn(s) incomplete. Neglected!
Stoichometry of species CaZn2(s) incomplete. Neglected!
Stoichometry of species Fe(VO3)2(s) incomplete. Neglected!
Stoichometry of species Fe2ZnO4(s) incomplete. Neglected!
Stoichometry of species FeV2O4(s) incomplete. Neglected!
Stoichometry of species Ge(s,l) incomplete. Neglected!
Stoichometry of species GeMg2(s) incomplete. Neglected!
Stoichometry of species GeNi2(s) incomplete. Neglected!
Stoichometry of species GeO2(s,l) incomplete. Neglected!
Stoichometry of species GeP(s) incomplete. Neglected!
Stoichometry of species GeS(s,l) incomplete. Neglected!
Stoichometry of species GeS2(s,l) incomplete. Neglected!
Stoichometry of species V2C(s) incomplete. Neglected!
Stoichometry of species Zn(s,l) incomplete. Neglected!
Stoichometry of species Zn2SiO4(s,l) incomplete. Neglected!
Stoichometry of species Zn2TiO4(s) incomplete. Neglected!
Stoichometry of species Zn3(PO4)2(s) incomplete. Neglected!
Stoichometry of species Zn3N2(s) incomplete. Neglected!
Stoichometry of species Zn3P2(s,l) incomplete. Neglected!
Stoichometry of species ZnCO3(s) incomplete. Neglected!
Stoichometry of species ZnCl2(s,l) incomplete. Neglected!
Stoichometry of species ZnF2(s,l) incomplete. Neglected!
Stoichometry of species ZnO(s,l) incomplete. Neglected!
Stoichometry of species ZnP2(s,l) incomplete. Neglected!
Stoichometry of species ZnS(s,l) incomplete. Neglected!
Stoichometry of species ZnSiO3(s) incomplete. Neglected!
